2026-02-26 12:18:50,086 | INFO     | soap_generator | setup_logging:1050 | Logging initialized. Log file: /Users/vivek/VETINSTANT/wip/New folder/P.A.W.S/SOAP notes - voice to text/OP/soap_note_experiment/output/soap_notes/soap_generator_20260226_121850.log
2026-02-26 12:18:50,087 | INFO     | soap_generator | <module>:4934 | 🚀 Script started - logging initialized
2026-02-26 12:18:50,087 | INFO     | soap_generator | <module>:4935 | 🕐 Script execution started at 12:18:50
2026-02-26 12:18:50,087 | INFO     | soap_generator | <module>:4945 | 📋 Arguments parsed successfully
2026-02-26 12:18:50,087 | INFO     | soap_generator | <module>:4971 | 🎤 Starting SOAP note generation from audio...
2026-02-26 12:18:50,087 | INFO     | soap_generator | generate_soap_note_from_audio_async:3783 | 🎤 Async Audio to SOAP Note Generator
2026-02-26 12:18:50,087 | INFO     | soap_generator | generate_soap_note_from_audio_async:3784 | ==================================================
2026-02-26 12:18:50,087 | INFO     | soap_generator | generate_soap_note_from_audio_async:3785 | 🕐 Pipeline started at 12:18:50
2026-02-26 12:18:50,087 | INFO     | soap_generator | generate_soap_note_from_audio_async:3788 | Checking audio processing libraries...
2026-02-26 12:18:50,087 | WARNING  | soap_generator | check_audio_dependencies:2930 | ❌ soundfile not available
2026-02-26 12:18:50,087 | WARNING  | soap_generator | check_audio_dependencies:2938 | ❌ pydub not available
2026-02-26 12:18:50,087 | WARNING  | soap_generator | check_audio_dependencies:2946 | ❌ librosa not available
2026-02-26 12:18:50,087 | WARNING  | soap_generator | check_audio_dependencies:2954 | ❌ ffmpeg-python not available
2026-02-26 12:18:50,087 | WARNING  | soap_generator | check_audio_dependencies:2957 | ⚠️  Missing audio libraries: soundfile, pydub, librosa, ffmpeg-python
2026-02-26 12:18:50,087 | INFO     | soap_generator | check_audio_dependencies:2958 | For better audio file support, install missing libraries:
2026-02-26 12:18:50,087 | INFO     | soap_generator | check_audio_dependencies:2959 | pip install pydub librosa ffmpeg-python
2026-02-26 12:18:50,087 | INFO     | soap_generator | check_audio_dependencies:2960 | Note: ffmpeg-python requires ffmpeg to be installed on your system
2026-02-26 12:18:50,087 | INFO     | soap_generator | generate_soap_note_from_audio_async:3790 | 
2026-02-26 12:18:50,087 | INFO     | soap_generator | generate_soap_note_from_audio_async:3811 | Using audio file: WhatsApp Audio 2026-02-21 at 16.02.19.wav
2026-02-26 12:18:50,088 | INFO     | soap_generator | generate_soap_note_from_audio_async:3836 | ⚡ TARGET_60S: nano + FORCE_PARALLEL_SUPER_PASS_CHUNKS + EARLY_START_SOAP + SOAP max_tokens=2500
2026-02-26 12:18:50,088 | INFO     | soap_generator | generate_soap_note_from_audio_async:3854 | 🎤 STEP 1: AUDIO TRANSCRIPTION (Async pipeline)
2026-02-26 12:18:50,088 | INFO     | soap_generator | transcribe_audio:3226 | 🎤 Starting ultra-fast audio transcription...
2026-02-26 12:18:50,088 | INFO     | soap_generator | transcribe_audio:3227 | 📁 Audio file: /Users/vivek/VETINSTANT/wip/New folder/P.A.W.S/SOAP notes - voice to text/OP/soap_note_experiment/output/input_audio/WhatsApp Audio 2026-02-21 at 16.02.19.wav
2026-02-26 12:19:23,303 | ERROR    | soap_generator | <module>:5027 | ❌ Critical error: Fireworks AI Error: 502 - <!DOCTYPE html>
<!--[if lt IE 7]> <html class="no-js ie6 oldie" lang="en-US"> <![endif]-->
<!--[if IE 7]>    <html class="no-js ie7 oldie" lang="en-US"> <![endif]-->
<!--[if IE 8]>    <html class="no-js ie8 oldie" lang="en-US"> <![endif]-->
<!--[if gt IE 8]><!--> <html class="no-js" lang="en-US"> <!--<![endif]-->
<head>

<title>fireworks.ai | 502: Bad gateway</title>
<meta charset="UTF-8" />
<meta http-equiv="Content-Type" content="text/html; charset=UTF-8" />
<meta http-equiv="X-UA-Compatible" content="IE=Edge" />
<meta name="robots" content="noindex, nofollow" />
<meta name="viewport" content="width=device-width,initial-scale=1" />
<link rel="stylesheet" id="cf_styles-css" href="/cdn-cgi/styles/main.css" />
</head>
<body>
<div id="cf-wrapper">
    <div id="cf-error-details" class="p-0">
        <header class="mx-auto pt-10 lg:pt-6 lg:px-8 w-240 lg:w-full mb-8">
            <h1 class="inline-block sm:block sm:mb-2 font-light text-60 lg:text-4xl text-black-dark leading-tight mr-2">
                <span class="inline-block">Bad gateway</span>
                <span class="code-label">Error code 502</span>
            </h1>
            <div>
                Visit <a href="https://www.cloudflare.com/5xx-error-landing?utm_source=errorcode_502&utm_campaign=audio-turbo.us-virginia-1.direct.fireworks.ai" target="_blank" rel="noopener noreferrer">cloudflare.com</a> for more information.
            </div>
            <div class="mt-3">2026-02-26 06:49:23 UTC</div>
        </header>
        <div class="my-8 bg-gradient-gray">
            <div class="w-240 lg:w-full mx-auto">
                <div class="clearfix md:px-8">
                    <div id="cf-browser-status" class=" relative w-1/3 md:w-full py-15 md:p-0 md:py-8 md:text-left md:border-solid md:border-0 md:border-b md:border-gray-400 overflow-hidden float-left md:float-none text-center">
  <div class="relative mb-10 md:m-0">
    
    <span class="cf-icon-browser block md:hidden h-20 bg-center bg-no-repeat"></span>
    <span class="cf-icon-ok w-12 h-12 absolute left-1/2 md:left-auto md:right-0 md:top-0 -ml-6 -bottom-4"></span>
    
  </div>
  <span class="md:block w-full truncate">You</span>
  <h3 class="md:inline-block mt-3 md:mt-0 text-2xl text-gray-600 font-light leading-1.3">
  
    Browser
  
  </h3>
  
  <span class="leading-1.3 text-2xl text-green-success">Working</span>
  
</div>
                    <div id="cf-cloudflare-status" class=" relative w-1/3 md:w-full py-15 md:p-0 md:py-8 md:text-left md:border-solid md:border-0 md:border-b md:border-gray-400 overflow-hidden float-left md:float-none text-center">
  <div class="relative mb-10 md:m-0">
    <a href="https://www.cloudflare.com/5xx-error-landing?utm_source=errorcode_502&#38;utm_campaign=audio-turbo.us-virginia-1.direct.fireworks.ai" target="_blank" rel="noopener noreferrer">
    <span class="cf-icon-cloud block md:hidden h-20 bg-center bg-no-repeat"></span>
    <span class="cf-icon-ok w-12 h-12 absolute left-1/2 md:left-auto md:right-0 md:top-0 -ml-6 -bottom-4"></span>
    </a>
  </div>
  <span class="md:block w-full truncate">Chennai</span>
  <h3 class="md:inline-block mt-3 md:mt-0 text-2xl text-gray-600 font-light leading-1.3">
  <a href="https://www.cloudflare.com/5xx-error-landing?utm_source=errorcode_502&utm_campaign=audio-turbo.us-virginia-1.direct.fireworks.ai" target="_blank" rel="noopener noreferrer">
    Cloudflare
  </a>
  </h3>
  
  <span class="leading-1.3 text-2xl text-green-success">Working</span>
  
</div>
                    <div id="cf-host-status" class="cf-error-source relative w-1/3 md:w-full py-15 md:p-0 md:py-8 md:text-left md:border-solid md:border-0 md:border-b md:border-gray-400 overflow-hidden float-left md:float-none text-center">
  <div class="relative mb-10 md:m-0">
    
    <span class="cf-icon-server block md:hidden h-20 bg-center bg-no-repeat"></span>
    <span class="cf-icon-error w-12 h-12 absolute left-1/2 md:left-auto md:right-0 md:top-0 -ml-6 -bottom-4"></span>
    
  </div>
  <span class="md:block w-full truncate">audio-turbo.us-virginia-1.direct.fireworks.ai</span>
  <h3 class="md:inline-block mt-3 md:mt-0 text-2xl text-gray-600 font-light leading-1.3">
  
    Host
  
  </h3>
  
  <span class="leading-1.3 text-2xl text-red-error">Error</span>
  
</div>
                </div>
            </div>
        </div>

        <div class="w-240 lg:w-full mx-auto mb-8 lg:px-8">
            <div class="clearfix">
                <div class="w-1/2 md:w-full float-left pr-6 md:pb-10 md:pr-0 leading-relaxed">
                    <h2 class="text-3xl font-normal leading-1.3 mb-4">What happened?</h2>
                    <p>The web server reported a bad gateway error.</p>
                </div>
                <div class="w-1/2 md:w-full float-left leading-relaxed">
                    <h2 class="text-3xl font-normal leading-1.3 mb-4">What can I do?</h2>
                    <p class="mb-6">Please try again in a few minutes.</p>
                </div>
            </div>
        </div>

        <div class="cf-error-footer cf-wrapper w-240 lg:w-full py-10 sm:py-4 sm:px-8 mx-auto text-center sm:text-left border-solid border-0 border-t border-gray-300">
    <p class="text-13">
      <span class="cf-footer-item sm:block sm:mb-1">Cloudflare Ray ID: <strong class="font-semibold">9d3d7fc15b2eae3d</strong></span>
      <span class="cf-footer-separator sm:hidden">&bull;</span>
      <span id="cf-footer-item-ip" class="cf-footer-item hidden sm:block sm:mb-1">
        Your IP:
        <button type="button" id="cf-footer-ip-reveal" class="cf-footer-ip-reveal-btn">Click to reveal</button>
        <span class="hidden" id="cf-footer-ip">49.204.143.81</span>
        <span class="cf-footer-separator sm:hidden">&bull;</span>
      </span>
      <span class="cf-footer-item sm:block sm:mb-1"><span>Performance &amp; security by</span> <a rel="noopener noreferrer" href="https://www.cloudflare.com/5xx-error-landing?utm_source=errorcode_502&#38;utm_campaign=audio-turbo.us-virginia-1.direct.fireworks.ai" id="brand_link" target="_blank">Cloudflare</a></span>
      
    </p>
    <script>(function(){function d(){var b=a.getElementById("cf-footer-item-ip"),c=a.getElementById("cf-footer-ip-reveal");b&&"classList"in b&&(b.classList.remove("hidden"),c.addEventListener("click",function(){c.classList.add("hidden");a.getElementById("cf-footer-ip").classList.remove("hidden")}))}var a=document;document.addEventListener&&a.addEventListener("DOMContentLoaded",d)})();</script>
  </div><!-- /.error-footer -->

    </div>
</div>
</body>
</html>
2026-02-26 12:19:23,308 | ERROR    | soap_generator | <module>:5028 | 💡 Troubleshooting tips:
2026-02-26 12:19:23,309 | ERROR    | soap_generator | <module>:5029 | 1. Run with --check-deps to verify audio libraries
2026-02-26 12:19:23,309 | ERROR    | soap_generator | <module>:5030 | 2. Try --convert to convert problematic audio files to WAV
2026-02-26 12:19:23,309 | ERROR    | soap_generator | <module>:5031 | 3. Install missing libraries: pip install pydub librosa ffmpeg-python
2026-02-26 12:19:23,309 | ERROR    | soap_generator | <module>:5032 | 4. WebM files are now supported and will be automatically converted
2026-02-26 12:19:23,309 | ERROR    | soap_generator | <module>:5033 | 5. For WebM files, ensure ffmpeg is installed on your system
